// Jest Snapshot v1, https://goo.gl/fbAQLP

exports[`header search test 1`] = `
<DocumentFragment>
  <header
    class="header"
  >
    <div
      class="logoAndButton"
    >
      <img
        alt="logo"
        class="logo"
        src="logo.svg"
      />
      <button
        class="addButton"
      >
        + ADD MOVIE
      </button>
      <div
        class="modal "
      >
        <div
          class="content"
        >
          <button
            class="close"
          >
            ✕
          </button>
          <p
            class="title"
          >
            ADD MOVIE
          </p>
          <form>
            <div
              class="field"
            >
              <label>
                TITLE
              </label>
              <input
                class="input "
                id="title"
                name="title"
                type="text"
                value=""
              />
            </div>
            <div
              class="field"
            >
              <label>
                TAGLINE
              </label>
              <input
                class="input "
                id="tagline"
                name="tagline"
                type="text"
                value=""
              />
            </div>
            <div
              class="field"
            >
              <label>
                RELEASE DATE
              </label>
              <input
                class="input "
                id="release"
                name="release"
                type="date"
                value=""
              />
            </div>
            <div
              class="field"
            >
              <label>
                POSTER
              </label>
              <input
                class="input "
                id="poster"
                name="poster"
                type="text"
                value=""
              />
            </div>
            <div
              class="field"
            >
              <label>
                RATING
              </label>
              <input
                class="input "
                id="rating"
                name="rating"
                type="text"
                value=""
              />
            </div>
            <div
              class="field"
            >
              <label>
                GENRES
              </label>
              <input
                class="input "
                disabled=""
                id="genre"
                name="genre"
                type="text"
                value=""
              />
              <div
                class="arrow"
              >
                ▼
              </div>
              <div
                class="list hidden"
              >
                <li
                  class="li"
                >
                  <input
                    name="genre"
                    type="checkbox"
                    value="Fantasy"
                  />
                  <label>
                    Fantasy
                  </label>
                </li>
                <li
                  class="li"
                >
                  <input
                    name="genre"
                    type="checkbox"
                    value="Drama"
                  />
                  <label>
                    Drama
                  </label>
                </li>
                <li
                  class="li"
                >
                  <input
                    name="genre"
                    type="checkbox"
                    value="Action"
                  />
                  <label>
                    Action
                  </label>
                </li>
                <li
                  class="li"
                >
                  <input
                    name="genre"
                    type="checkbox"
                    value="Comedy"
                  />
                  <label>
                    Comedy
                  </label>
                </li>
                <li
                  class="li"
                >
                  <input
                    name="genre"
                    type="checkbox"
                    value="Crime"
                  />
                  <label>
                    Crime
                  </label>
                </li>
                <li
                  class="li"
                >
                  <input
                    name="genre"
                    type="checkbox"
                    value="Adventure"
                  />
                  <label>
                    Adventure
                  </label>
                </li>
                <li
                  class="li"
                >
                  <input
                    name="genre"
                    type="checkbox"
                    value="Thriller"
                  />
                  <label>
                    Thriller
                  </label>
                </li>
                <li
                  class="li"
                >
                  <input
                    name="genre"
                    type="checkbox"
                    value="Family"
                  />
                  <label>
                    Family
                  </label>
                </li>
                <li
                  class="li"
                >
                  <input
                    name="genre"
                    type="checkbox"
                    value="Documentary"
                  />
                  <label>
                    Documentary
                  </label>
                </li>
                <li
                  class="li"
                >
                  <input
                    name="genre"
                    type="checkbox"
                    value="Horror"
                  />
                  <label>
                    Horror
                  </label>
                </li>
              </div>
            </div>
            <div
              class="field"
            >
              <label>
                RUNTIME
              </label>
              <input
                class="input "
                id="runtime"
                name="runtime"
                type="text"
                value=""
              />
            </div>
            <div
              class="field"
            >
              <label>
                OVERVIEW
              </label>
              <textarea
                class="input "
                id="overview"
                name="overview"
                type="text"
              />
            </div>
            <div
              class="buttons"
            >
              <button
                class="button"
              >
                RESET
              </button>
              <button
                class="button"
                type="submit"
              >
                SUBMIT
              </button>
            </div>
          </form>
        </div>
      </div>
    </div>
    <div
      class="headerText"
    >
      FIND YOUR MOVIE
    </div>
    <div
      class="search"
    >
      <input
        class="searchInput"
        id="search"
        placeholder="What do you want to watch?"
        type="text"
        value=""
      />
      <button
        class="searchButton"
        title="search"
      >
        SEARCH
      </button>
    </div>
  </header>
</DocumentFragment>
`;
