// Jest Snapshot v1, https://goo.gl/fbAQLP

exports[`snapshot test for page not found 1`] = `
<div
  className="pageNotFound"
>
  <span
    className="text"
  >
    Page Not Found
  </span>
  <img
    alt="not found"
    className="notFoundImage"
    src="404.png"
  />
  <a
    href="/"
    onClick={[Function]}
  >
    <button
      className="goBack"
    >
      GO BACK
    </button>
  </a>
</div>
`;
